
> nordklart@0.1.0 prebuild
> npm run setup:extensions && node scripts/inject-public-branding.mjs


> nordklart@0.1.0 setup:extensions
> npx tsx scripts/generate-extension-registry.ts

Generated extension registry for 9 enabled extensions.
Generated public/sw.js with public branding values.

> nordklart@0.1.0 build
> next build

▲ Next.js 16.2.9 (Turbopack)
- Environments: .env.local

⚠ The "middleware" file convention is deprecated. Please use "proxy" instead. Learn more: https://nextjs.org/docs/messages/middleware-to-proxy
  Creating an optimized production build ...
✓ Compiled successfully in 21.3s
  Running TypeScript ...
Failed to type check.

./extensions/general/arcim-migration/lib/sie-fetcher.ts:177:13
Type error: Type '(accessToken: string) => Promise<{ id: string | number | undefined; year: number; fromDate: string; toDate: string; }[]>' is not assignable to type '(accessToken: string) => Promise<FiscalYearRef[]>'.
  Type 'Promise<{ id: string | number | undefined; year: number; fromDate: string; toDate: string; }[]>' is not assignable to type 'Promise<FiscalYearRef[]>'.
    Type '{ id: string | number | undefined; year: number; fromDate: string; toDate: string; }[]' is not assignable to type 'FiscalYearRef[]'.
      Type '{ id: string | number | undefined; year: number; fromDate: string; toDate: string; }' is not assignable to type 'FiscalYearRef'.
        Types of property 'id' are incompatible.
          Type 'string | number | undefined' is not assignable to type 'string | number'.
            Type 'undefined' is not assignable to type 'string | number'.

  [90m175 |[0m     }
  [90m176 |[0m     [36mreturn[0m {
[31m[1m>[0m [90m177 |[0m       [36masync[0m listYears(accessToken) {
  [90m    |[0m             [31m[1m^[0m
  [90m178 |[0m         [36mconst[0m years = [36mawait[0m bjornLundenClient.listFinancialYears(accessToken, userKey)
  [90m179 |[0m         [36mreturn[0m years.map((fy) => ({
  [90m180 |[0m           id: fy.id ?? fy.entityId,
Next.js build worker exited with code: 1 and signal: null
